// Vitest Snapshot v1, https://vitest.dev/guide/snapshot.html

exports[`parseBinanceCsv > matches the expected ParsedImportRow output 1`] = `
{
  "errors": [],
  "rows": [
    {
      "accountHint": "binance-spot",
      "assetHint": {
        "symbol": "BTC",
      },
      "currency": "EUR",
      "fees": 2.1,
      "kind": "trade",
      "priceNative": 42000,
      "quantity": 0.05,
      "rawRow": {
        "Amount": "2100.00",
        "Date(UTC)": "2026-01-15 10:21:33",
        "Executed": "0.05",
        "Fee": "2.10",
        "Fee Coin": "EUR",
        "Pair": "BTCEUR",
        "Price": "42000.00",
        "Side": "BUY",
      },
      "rowFingerprint": "9027230159c5d8cf",
      "side": "buy",
      "source": "binance",
      "tradeDate": "2026-01-15",
    },
    {
      "accountHint": "binance-spot",
      "assetHint": {
        "symbol": "ETH",
      },
      "currency": "EUR",
      "fees": 3.6,
      "kind": "trade",
      "priceNative": 2400.5,
      "quantity": 1.5,
      "rawRow": {
        "Amount": "3600.75",
        "Date(UTC)": "2026-01-20 14:55:12",
        "Executed": "1.5",
        "Fee": "3.60",
        "Fee Coin": "EUR",
        "Pair": "ETHEUR",
        "Price": "2400.50",
        "Side": "BUY",
      },
      "rowFingerprint": "3465d6a56f387bc0",
      "side": "buy",
      "source": "binance",
      "tradeDate": "2026-01-20",
    },
    {
      "accountHint": "binance-spot",
      "assetHint": {
        "symbol": "BTC",
      },
      "currency": "EUR",
      "fees": 0.9,
      "kind": "trade",
      "priceNative": 45000,
      "quantity": 0.02,
      "rawRow": {
        "Amount": "900.00",
        "Date(UTC)": "2026-02-02 08:11:00",
        "Executed": "0.02",
        "Fee": "0.90",
        "Fee Coin": "EUR",
        "Pair": "BTCEUR",
        "Price": "45000.00",
        "Side": "SELL",
      },
      "rowFingerprint": "504f98ee23ea6c5d",
      "side": "sell",
      "source": "binance",
      "tradeDate": "2026-02-02",
    },
    {
      "accountHint": "binance-spot",
      "assetHint": {
        "symbol": "SOL",
      },
      "currency": "USDT",
      "fees": null,
      "kind": "trade",
      "priceNative": 95.4,
      "quantity": 10,
      "rawRow": {
        "Amount": "954.00",
        "Date(UTC)": "2026-02-18 21:03:44",
        "Executed": "10",
        "Fee": "0.01",
        "Fee Coin": "SOL",
        "Pair": "SOLUSDT",
        "Price": "95.40",
        "Side": "BUY",
      },
      "rowFingerprint": "98349e2a20258669",
      "side": "buy",
      "source": "binance",
      "tradeDate": "2026-02-18",
    },
    {
      "accountHint": "binance-spot",
      "amountNative": -0.01,
      "assetHint": {
        "symbol": "SOL",
      },
      "currency": "SOL",
      "kind": "cash_movement",
      "movement": "fee",
      "rawRow": {
        "Amount": "954.00",
        "Date(UTC)": "2026-02-18 21:03:44",
        "Executed": "10",
        "Fee": "0.01",
        "Fee Coin": "SOL",
        "Pair": "SOLUSDT",
        "Price": "95.40",
        "Side": "BUY",
      },
      "rowFingerprint": "ada08e93301d35bf",
      "source": "binance",
      "tradeDate": "2026-02-18",
    },
    {
      "accountHint": "binance-spot",
      "assetHint": {
        "symbol": "ADA",
      },
      "currency": "EUR",
      "fees": 0.275,
      "kind": "trade",
      "priceNative": 0.55,
      "quantity": 500,
      "rawRow": {
        "Amount": "275.00",
        "Date(UTC)": "2026-03-04 06:47:21",
        "Executed": "500",
        "Fee": "0.275",
        "Fee Coin": "EUR",
        "Pair": "ADAEUR",
        "Price": "0.55",
        "Side": "BUY",
      },
      "rowFingerprint": "1da68de4f4786837",
      "side": "buy",
      "source": "binance",
      "tradeDate": "2026-03-04",
    },
    {
      "accountHint": "binance-spot",
      "assetHint": {
        "symbol": "ETH",
      },
      "currency": "BTC",
      "fees": 0.0001,
      "kind": "trade",
      "priceNative": 0.058,
      "quantity": 0.5,
      "rawRow": {
        "Amount": "0.029",
        "Date(UTC)": "2026-03-22 19:30:09",
        "Executed": "0.5",
        "Fee": "0.0001",
        "Fee Coin": "BTC",
        "Pair": "ETHBTC",
        "Price": "0.058",
        "Side": "BUY",
      },
      "rowFingerprint": "0cc65630f8e9f497",
      "side": "buy",
      "source": "binance",
      "tradeDate": "2026-03-22",
    },
  ],
  "source": "binance",
}
`;
