// Vitest Snapshot v1, https://vitest.dev/guide/snapshot.html

exports[`parseCobasCsv > matches the expected ParsedImportRow output 1`] = `
{
  "errors": [],
  "rows": [
    {
      "accountHint": "cobas",
      "assetHint": {
        "isin": "ES0119199000",
        "name": "Cobas Selección FI",
      },
      "currency": "EUR",
      "fees": null,
      "kind": "trade",
      "priceNative": 98.45,
      "quantity": 15.234,
      "rawRow": {
        "Divisa": "EUR",
        "Fecha": "2026-01-10",
        "Fondo": "Cobas Selección FI",
        "ISIN": "ES0119199000",
        "Importe": "1500.00",
        "Operación": "Suscripción",
        "Participaciones": "15.234",
        "Valor liquidativo": "98.45",
      },
      "rowFingerprint": "0d2e621461a45d3f",
      "side": "buy",
      "source": "cobas",
      "tradeDate": "2026-01-10",
    },
    {
      "accountHint": "cobas",
      "assetHint": {
        "isin": "ES0119184002",
        "name": "Cobas Internacional FI",
      },
      "currency": "EUR",
      "fees": null,
      "kind": "trade",
      "priceNative": 123.3,
      "quantity": 8.11,
      "rawRow": {
        "Divisa": "EUR",
        "Fecha": "2026-02-05",
        "Fondo": "Cobas Internacional FI",
        "ISIN": "ES0119184002",
        "Importe": "1000.00",
        "Operación": "Suscripción",
        "Participaciones": "8.110",
        "Valor liquidativo": "123.30",
      },
      "rowFingerprint": "4ffb857f271eaebc",
      "side": "buy",
      "source": "cobas",
      "tradeDate": "2026-02-05",
    },
    {
      "accountHint": "cobas",
      "amountNative": -12.5,
      "assetHint": {
        "isin": "ES0119199000",
        "name": "Cobas Selección FI",
      },
      "currency": "EUR",
      "kind": "cash_movement",
      "movement": "fee",
      "rawRow": {
        "Divisa": "EUR",
        "Fecha": "2026-02-28",
        "Fondo": "Cobas Selección FI",
        "ISIN": "ES0119199000",
        "Importe": "-12.50",
        "Operación": "Comisión gestión",
        "Participaciones": "",
        "Valor liquidativo": "",
      },
      "rowFingerprint": "9f727e3009a92eaa",
      "source": "cobas",
      "tradeDate": "2026-02-28",
    },
    {
      "accountHint": "cobas",
      "assetHint": {
        "isin": "ES0119184002",
        "name": "Cobas Internacional FI",
      },
      "currency": "EUR",
      "fees": null,
      "kind": "trade",
      "priceNative": 128.1,
      "quantity": 5,
      "rawRow": {
        "Divisa": "EUR",
        "Fecha": "2026-03-15",
        "Fondo": "Cobas Internacional FI",
        "ISIN": "ES0119184002",
        "Importe": "640.50",
        "Operación": "Reembolso",
        "Participaciones": "5.000",
        "Valor liquidativo": "128.10",
      },
      "rowFingerprint": "713a64bfdfc5a26f",
      "side": "sell",
      "source": "cobas",
      "tradeDate": "2026-03-15",
    },
    {
      "accountHint": "cobas",
      "amountNative": -8.75,
      "assetHint": {
        "isin": "ES0119184002",
        "name": "Cobas Internacional FI",
      },
      "currency": "EUR",
      "kind": "cash_movement",
      "movement": "fee",
      "rawRow": {
        "Divisa": "EUR",
        "Fecha": "2026-03-31",
        "Fondo": "Cobas Internacional FI",
        "ISIN": "ES0119184002",
        "Importe": "-8.75",
        "Operación": "Comisión gestión",
        "Participaciones": "",
        "Valor liquidativo": "",
      },
      "rowFingerprint": "a069a36a6b96d09d",
      "source": "cobas",
      "tradeDate": "2026-03-31",
    },
    {
      "accountHint": "cobas",
      "amountNative": 22.4,
      "assetHint": {
        "isin": "ES0119199000",
        "name": "Cobas Selección FI",
      },
      "currency": "EUR",
      "kind": "cash_movement",
      "movement": "dividend",
      "rawRow": {
        "Divisa": "EUR",
        "Fecha": "2026-04-02",
        "Fondo": "Cobas Selección FI",
        "ISIN": "ES0119199000",
        "Importe": "22.40",
        "Operación": "Dividendo",
        "Participaciones": "",
        "Valor liquidativo": "",
      },
      "rowFingerprint": "0fc894948a28bedc",
      "source": "cobas",
      "tradeDate": "2026-04-02",
    },
  ],
  "source": "cobas",
}
`;
