// Vitest Snapshot v1, https://vitest.dev/guide/snapshot.html

exports[`parseDegiroCsv > matches the expected ParsedImportRow output 1`] = `
{
  "errors": [],
  "rows": [
    {
      "accountHint": null,
      "assetHint": {
        "isin": "NL0010273215",
        "name": "ASML HOLDING",
      },
      "currency": "EUR",
      "fees": 2,
      "kind": "trade",
      "priceNative": 650.5,
      "quantity": 10,
      "rawRow": {
        "Currency": "EUR",
        "Date": "02-01-2026",
        "Exchange rate": "1",
        "ISIN": "NL0010273215",
        "Local value": "-6505.00",
        "Order ID": "ord-001",
        "Price": "650.50",
        "Product": "ASML HOLDING",
        "Quantity": "10",
        "Time": "09:32",
        "Total": "-6507.00",
        "Transaction costs": "-2.00",
        "Value": "-6505.00",
        "Venue": "EAM",
      },
      "rowFingerprint": "de7398eb9178c4c2",
      "side": "buy",
      "source": "degiro",
      "tradeDate": "2026-01-02",
    },
    {
      "accountHint": null,
      "assetHint": {
        "isin": "US0378331005",
        "name": "APPLE INC",
      },
      "currency": "USD",
      "fees": 0.5,
      "kind": "trade",
      "priceNative": 185.2,
      "quantity": 5,
      "rawRow": {
        "Currency": "USD",
        "Date": "05-02-2026",
        "Exchange rate": "0.9237",
        "ISIN": "US0378331005",
        "Local value": "-926.00",
        "Order ID": "ord-002",
        "Price": "185.20",
        "Product": "APPLE INC",
        "Quantity": "5",
        "Time": "15:11",
        "Total": "-855.82",
        "Transaction costs": "-0.50",
        "Value": "-855.32",
        "Venue": "NDQ",
      },
      "rowFingerprint": "73efcf7334abf523",
      "side": "buy",
      "source": "degiro",
      "tradeDate": "2026-02-05",
    },
    {
      "accountHint": null,
      "assetHint": {
        "isin": "US0378331005",
        "name": "APPLE INC",
      },
      "currency": "USD",
      "fees": 0.5,
      "kind": "trade",
      "priceNative": 192,
      "quantity": 2,
      "rawRow": {
        "Currency": "USD",
        "Date": "12-03-2026",
        "Exchange rate": "0.925",
        "ISIN": "US0378331005",
        "Local value": "384.00",
        "Order ID": "ord-003",
        "Price": "192.00",
        "Product": "APPLE INC",
        "Quantity": "-2",
        "Time": "11:45",
        "Total": "354.70",
        "Transaction costs": "-0.50",
        "Value": "355.20",
        "Venue": "NDQ",
      },
      "rowFingerprint": "3afe57c63a88a7cf",
      "side": "sell",
      "source": "degiro",
      "tradeDate": "2026-03-12",
    },
    {
      "accountHint": null,
      "amountNative": 15.4,
      "assetHint": {
        "isin": "NL0010273215",
        "name": "Dividend ASML HOLDING",
      },
      "currency": "EUR",
      "kind": "cash_movement",
      "movement": "dividend",
      "rawRow": {
        "Currency": "EUR",
        "Date": "15-03-2026",
        "Exchange rate": "1",
        "ISIN": "NL0010273215",
        "Local value": "",
        "Order ID": "div-001",
        "Price": "",
        "Product": "Dividend ASML HOLDING",
        "Quantity": "",
        "Time": "00:00",
        "Total": "15.40",
        "Transaction costs": "",
        "Value": "",
        "Venue": "",
      },
      "rowFingerprint": "2ca2d45b5e6b3e65",
      "source": "degiro",
      "tradeDate": "2026-03-15",
    },
    {
      "accountHint": null,
      "amountNative": 1000,
      "assetHint": {
        "isin": null,
        "name": "flatex Deposit",
      },
      "currency": "EUR",
      "kind": "cash_movement",
      "movement": "deposit",
      "rawRow": {
        "Currency": "EUR",
        "Date": "20-03-2026",
        "Exchange rate": "1",
        "ISIN": "",
        "Local value": "",
        "Order ID": "dep-001",
        "Price": "",
        "Product": "flatex Deposit",
        "Quantity": "",
        "Time": "00:00",
        "Total": "1000.00",
        "Transaction costs": "",
        "Value": "",
        "Venue": "",
      },
      "rowFingerprint": "923c3fe74c9e2f03",
      "source": "degiro",
      "tradeDate": "2026-03-20",
    },
    {
      "accountHint": null,
      "amountNative": -250,
      "assetHint": {
        "isin": null,
        "name": "Withdrawal",
      },
      "currency": "EUR",
      "kind": "cash_movement",
      "movement": "withdrawal",
      "rawRow": {
        "Currency": "EUR",
        "Date": "22-03-2026",
        "Exchange rate": "1",
        "ISIN": "",
        "Local value": "",
        "Order ID": "wd-001",
        "Price": "",
        "Product": "Withdrawal",
        "Quantity": "",
        "Time": "00:00",
        "Total": "-250.00",
        "Transaction costs": "",
        "Value": "",
        "Venue": "",
      },
      "rowFingerprint": "63c9e506152e6b49",
      "source": "degiro",
      "tradeDate": "2026-03-22",
    },
    {
      "accountHint": null,
      "amountNative": -2.5,
      "assetHint": {
        "isin": null,
        "name": "DEGIRO Service fee",
      },
      "currency": "EUR",
      "kind": "cash_movement",
      "movement": "fee",
      "rawRow": {
        "Currency": "EUR",
        "Date": "31-03-2026",
        "Exchange rate": "1",
        "ISIN": "",
        "Local value": "",
        "Order ID": "fee-001",
        "Price": "",
        "Product": "DEGIRO Service fee",
        "Quantity": "",
        "Time": "00:00",
        "Total": "-2.50",
        "Transaction costs": "",
        "Value": "",
        "Venue": "",
      },
      "rowFingerprint": "90cb4057765359ab",
      "source": "degiro",
      "tradeDate": "2026-03-31",
    },
  ],
  "source": "degiro",
}
`;
